cd /c/users/jwerl/Documents/CVTC/Intro
tar -acf intro.zip Intro
tar -acf intro.zip /c/users/jwerl/Documents/CVTC/Intro
ls
cd /c/users/jwerl/Desktop
mv /c/users/jwerl/Documents/CVTC/Intro/intro.zip .
ls
cd /c/users/jwerl/Documents/CVTC/Intro
cd /c/users/jwerl/Documents/CVTC
/c/Windows/System32/tar.exe -acf intro.zip Intro
ls
cd /c/users/jwerl/Desktop
mv /c/users/jwerl/Documents/CVTC/Intro/intro.zip .
mv /c/users/jwerl/Documents/CVTC/intro.zip .
ls
cd /c/users/jwerl/Desktop
/c/Windows/System/tar.exe -xf intro.zip
/c/Windows/System32/tar.exe -xf intro.zip
ls
cd /c/users/jwerl/Documents/CVTC/Intro
#!/user/bin/env bash
ls
nano install-vnu.sh
./install-vnu.sh
/c/users/jwerl/Documents/CVTC/Intro/ install-vnu.sh
../install-vnu-sh
../install-vnu.sh
nano install-vnu.sh
./install-vnu.sh
./ install-vnu.sh
./install-vnu.sh
./install-vnu.sh
/c/users/jwerl/Documents/CVTC/Intro/install-vnu.sh
install-vnu.sh
cd ..
./install-vnu.sh
../install-vnu.sh
cd .
cd /Intro
cd /Documents/CVTC/Intro
cd /c/users/jwerl/Documents/CVTC/Intro/Captures
./intsall-vnu.sh
nano
cd /c/users/jwerl/Documents/CVTC/Intro
ls
nano
./install-vnu.sh
./ install-vnu.sh
install-vnu.sh
./install-vnu.sh
/c/users/jwerl/Documents/CVTC/Intro/install-vnu.sh
nano
cd /c/users/jwerl/Documents/CVTC/Intro
nano install-vnu.sh
./install-vnu.sh
/install-vnu.sh
./ install-vnu.sh
./install-vnu.sh
/c/users/jwerl/Documents/CVTC/Intro/install-vnu.sh
ls
nano
nano install-vnu.sh
./install-vnu.sh
./install-vnu.sh
nano install-vnu.sh
./install-vnu.sh
ls-l
ls -l
chmod 0755 install-vnu.sh
ls -l
chmod 0444 install-vnu.sh
ls -l
chmod 0755 install-vnu.sh
ls -l
nano
nano install-vnu.sh
./install-vnu.sh
ls
shasum vnu.linux.zip
cat vnu.linux.zip.sha1
nano vnu.linux.zip.sha1
shasum -c vnu.linux.zip.sha1
nano intsall-vnu.sh
nano install-vnu.sh
./install-vnu.sh
nano install-vnu.sh
./install-vnu.sh
nano
./testing
ls -L
cd /c/users/jwerl/Documents/CVTC/Intro
ls
nano install-vnu.sh
cd /c/users/jwerl/Documents/CVTC/Intro
nano install-vnu.sh
./install-vnu.sh
ls -L
tar -xf windows.zip
/c/Windows/System32/tar.exe -xf windows.zip
tar -xf ./windows.zip
/c/Windows/System32/tar.exe -xf ./windows.zip
/c/Windows/System32/tar.exe -xf /c/users/jwerl/Documents/CVtc/Intro/windows.zip
tar -xf /c/users/jwerl/Documents/CVTC/Intro/windows.zip
tar -xf vnu.windows.zip
/c/Windows/System32/tar.exe -xf /c/users/jwerl/Documents/CVTC/Intro/vnu.windows.zip
ls-l
ls -L
/c/Windows/System32/tar.exe -xf /c/users/jwerl/Documents/CVTC/Intro/vnu.windows.zip /c/users/jwerl/Desktop
 
/c/Windows/System32/tar.exe -xf vnu.windows.sha1
/c/Windows/System32/tar.exe -xf vnu.windows.sha1 /c/users/jwerl/Documents/CVTC/Intro/vnu.windows.sha1
/c/Windows/System32/tar.exe -xf vnu.windows.sha1 /c/uners/jwerl/Documents/CVTC/Intro
/c/Windows/System32/tar.exe -xf vnu.windows.sha1
/c/Windows/System32/tar.exe -xf vnu.windows.sha1 /c/users/jwerl/Documents/CVTC/Intro
/c/Windows/System32/tar.exe -xf vnu.windows.zip
ls -L
/c/Windows/System32/tar.exe -xf vnu.windows.sha1
cd /c/users/jwerl/Documents/CVTC/Intro
nano intall-vnu.sh
nano install-vnu.sh
install-vnu.sh
/c/users/jwerl/Documents/CVTC/Intro/install-vnu.sh
ls -L
nano install-vnu.sha
nano install-vnu.sh
/c/Windows/System32/tar.exe -xf /c/users/jwerl/Documents/CVTC/Intro/vnu.windows.zip
nano install-vnu.sh
nano install-vnu.sh
cd /c/users/jwerl/Documents/CVTC/Intro
nano install-vnu.sh
install-vnu.sh
/c/users/jwerl/Documents/CVTC/Intro/install-vnu.sh
/c/Windows/system32/tar.exe -xf /c/users/jwer/Documents/CVTC/Intro/vnu.windows.zip
/c/Windows/System32/tar.exe -xf ./vnu.windows.zip
nano install-vnu.sha
nano install-vnu.sh
cd /c/users/jwerl/Documents/CVTC/Intro
nano install-vnu.sh
/c/users/jwerl/Documents/CVTC/Intro/install-vnu.sh
ls -L
ls -l
env
echo $PATH
nano /c/users/jwerl/.bash_profile
echo $PATH
install-vnu.sh
install-vnu.sh
nano
nano /c/users/jwerl/.bash_profile
install-vnu.sh
echo $PATH
install-vnu.sh
cd /c/users/jwerl/Documents/CVTC/Intro
ls
install-vnu.sh
nano install-vnu.sh
install-vnu.sh
cd ..
cd ..
cd ..
cd .
cd ..
cd ..
cd ..
cd ..
install-vnu.sh
cd Intro
cd /Documents
cd ~
install-vnu.sh
cd Documents/CVTC/Intro
cd ~/CVTC
cd ~ Documents
Cd /c/
cd /c/
cd ~
nano ~/.bash_profile
echo
echo $PATH
install-vnu.sh
ls
ls vnu*
ls vnu*
cd /Documents/CVTC/Intro
cd ~/Documents/CVTC/Intro
ls
ls vnu*
cd ..
cd ..
cd ..
ls vnu.linux.zip*
env
export PATH=$PATH:~/Documents/CVTC/Intro
echo
env
nano
env
install-vnu.sh
cd Documents/CVTC/Intro
cd ~
cd vnu.windows
cd /c/users/jwerl/Documents/CVTC/Intro
cd vnu.windows
ls
cd vnu-runtime-image/
ls
cd /bin
ls
./vnu.bat
./vnu.bat
cd /c/users/jwerl/Documents/CVTC/Intro/vnu.windows/vnu.bat
cd /c/users/jwerl/Documents/CVTV/Intro/vnu.windows
vnu.bat
/vnu.bat
ls
cd .
cd ,,
cd ..
ls
cd ..
ls
cd /bin
ls
cd /Intro
cd ..
cd Intro
cd /c/users/jwerl/Documents/CVTC/Intro
cd vnu.windows
cd/vnu-runtime-image
cd vnu-runtime-image
ls
cd bin
ls
./vnu.bat
./vnu.bat /c/users/jwerl/Documents/CVTC/html_n_css/awesomeco/blog.html
./vnu.bat /index.html
ls
./vnu.bat /c/users/jwerl/
cd ..
cd ..
cd ..
cd ..
./vnu.bat /html_n_css/awesomeco/index.html
cd /c/users/jwerl/Documents/CVTC/Intro/vnu.windoww/vnu-runtime-image/vnu.bat
 cd /c/users/jwerl/Documents/CVTC/Intro/vnu.windoww/vnu-runtime-image/
cd /c/users/jwerl/Documents/CVTC/Intro/vnu.windoww/vnu-runtime-image/
cd /c/users/jwerl/Documents/CVTC/Intro/vnu.windows/vnu-runtime-image/
ls
cd /bin
ls
./vnu.bat
cd /c/users/jwerl/Documents/CVTC/Intro/vnu.windows/vnu-runtime-image/
cd /vnu.bat
ls
ls
cd /bin
ls
./vnu.bat
../vnu.bat
/vnu.bat
ls
cd /vnu-runtime-image
cd /c/users/jwerl/Documents/Intro/vnu.windows/vnu-runtime-image/bin/vnu.bat
cd /c/users/jwerl/Documents/Intro/vnu.windows/vnu-runtime-image/bin
ls
cd /c/users/jwerl/release.html
cd /c/users/jwerl
./vnu.bat
./release.html
./release.html /c/users/jwerl/Documents/CVTC/html_n_css/Chapter8-9/Chapter8-9/index.html
vnu.bat
cd /release.html
cd /vnu.windows/vnu-runtime-image/bin
cd /Documents/CVTC/Intro
cd /c/users/jwerl/Documents/CVTC/Intro/vnu.windows/vnu-runtime-image/bin
ls
./vnu.bat /c/users/jwerl/Documents/CVTC/html_n_css/jwerlein2_final/browse_n_Blog/index.html
ls
./vnu.bat /c/users/jwerl/Documents/CVTC/html_n_css/jwerlein2_final/browse_n_
./vnu.bat /c/users/jwerl/Documents/CVTC/html_n_css/jwerlein2_final/browse_n_Blog/index.html
./vnu.bat
 java -cp vnu.jar nu.validator.servlet.Main 8888
    vnu-runtime-image/bin/java nu.validator.servlet.Main 8888
    vnu-runtime-image\bin\java -cp vnu.jar nu.validator.servlet.Main 8888
java -cp vnu.jar nu.validator.client.HttpClient FILES
    vnu-runtime-image/bin/java nu.validator.client.HttpClient FILES
    vnu-runtime-image\bin\java nu.validator.client.HttpClient FILES
./vnu.bat /c/users/jwerl/Documents/CVTC/html_n_csss/awesomeco/contact.html
./vnu.bat
./vnu.bat /c/users/jwerl/Documents/CVTC/html_n_css/awesomeco/blog.html
./vnu.bat /c/users/jwerl/Documents/CVTC/html_n_css/jwerlein2_final/browse_n_Blog/index.html
ls --l
ls--
ls --help
ls -a
ls 
ls -A
./vnu.bash /c/users/jwerl/Documents/CVTC/Intro/vnu.windows/vnu-runtime-image/.bat  /c/users/jwerl/Documents/CVTC/html_n_css/jwerlein2_final/index.html
ls --help
ls --help | less
tail
ls --help| tail
ls --help
ls --help| less
ls --help| head
ls --help| which
which ls
which java
head ls
tail ls
ls cp
less head
head
cd /c/users/jwerl/Documents/CVTC/Intro
ls --head
ls -head
ls head
head
cd /c/users/jwerl/Documents/CVTC/Intro/vnu.windows
ls -head
ls --help
ls --help|head
ls head /c/users/jwerl/Documents/CVTC/Intro
head index.html
head /captures/inex.html
head /c/users/jwerl/Documents/Intro/vnu.windows/vnu-runtime-image/vnu.bat
head /c/users/jwerl/Documents/CVTC/html_n_css/jwerlein2_final/index.html
head /c/users/jwerl/Documents/CVTC/html_n_css/jwerlein2_final/browse_n_blog/index.html
#!/usr/bin/env bash
# Download files
curl -L -o vnu.windows.zip https://github.com/validator/validator/releases/download/20.6.30/vnu.windows.zip
curl -L -o vnu.windows.zip.sha1 https://github.com/validator/validator/releases/download/20.6.30/vnu.windows.zip.sha1
# validate checksum
echo  " *vnu.windows.zip" >> vnu.windows.zip.sha1
shasum -c vnu.windows.zip.sha1
/c/Windows/System32/tar.exe -xf /c/users/jwerl/Documents/CVTC/Intro/vnu.windows.zip
cd /c/users/jwerl/Documents/CVTC/Intro/vnu.windows/vnu-runtime-image/vnu.bat
cd /c/users/jwerl/Documents/CVTC/Intro/vnu.windows
cd /vnu-runtime-image/bin/vnu.bat
cd /vnu-runtime-image
cd vnu.bat
cd /vnu.bat
cd vnu-runtime-image
cd bin
cd vnu.bat
ls
vnu.bat /c/users/jwerl/Documents/html_n_css
less --help
vnu.bat /c/users/jwerl
nano
curl -o -L /c/users/jwerl/Documents/CVTC/html_n_css
vnu.bat -L [200~
-L [200~
-o 
cd /c/user/jwerl/Documents/CVTC/Intro/vnu.windows/vnu-runtime-image/bin
cd /c/users/jwerl/
cd /Documents/CVTC/Intro/vnu.windows/bin
/Documents/CVTC/Intro
cd /c/users/jwerl/Documents/CVTC/Intro/vnu.windows
cd /bin
./vnu.bat /c/users/jwerl/Documents/CVTC/Prog_Fund/Unit1/labs/lab-00-practice.html
vnu.bat /c/users/jwerl/Documents/CVTC/Prog_Fund/Unit1/labs/lab-00-practice.html
../vnu.bat
./vnu.bat
vnu.bat
./vnu.bat -L /c/users/jwerl/Documents/resume.html
./vnu.bat /c/users/jwerl/Documents/resume.html -L
-L ./vnu.bat /c/users/jwerl/Documents/resume.html
./vnu.bat -L /c/users/jwerl/Documents/resume.html
ls
cd /c/users/jwerl/Documents/CVTC/Intro/vnu.windows/vnu-runtime-image
./vnu.bat -L /c/users/jwerl/Documents/resume.html
ls
cd /c/users/jwerl/Documents/CVTC/Intro/vnu.windows/vnu-runtime-image/bin
./vnu.bat -L /c/users/jwerl/Documents/resume.html
$ git config --global user.name "JWONKA"
git status
cd Desktop/awesomeco_site
git init
cd Desktop/awesomeco_site
git init
git status
git add index.html
git status
git commit -m "Add index.html to repository."
git status
git status
git diff
git status
git add index.html
git status
git diff
git add index.html
git status
git commit -m
git commit -m "add two paragraphs to home page"
[master 3d826c5] add two paragraphs to home page
1 file changed, 2 insertions(+)
git status
git commit -a -m
git commit -a -m "add third paragraph to index page"
[master 448dd61] add third paragraph to index page
1 file changed, 1 insertion(+)
git commit -a
git log
git checkout 1edee40
git checkout fde0f87825a92d3bc882a426b391b7dbeafa2138
git checkout master
git status
git diff
git add style.css
git status
git add index.html
git status
git commit -m "add stylesheet"
[master 864a5a1] add stylesheet
2 files changed, 6 insertions(+)
create mode 100644 style.css
git status
git diff
git checkout master
git remote add origin https://github.com/bhogancvtc/awesomeco_website_git_demo.git
git push -u origin master
git remote add origin https://github.com/Jwonka/awesomeco_website_git_demo.git
git push -u origin master
git push -u origin master
git remote add origin  https://github.com/Jwonka/awesomeco_website_git_demo.git
git push -u origin master
git push -u origin master
git remote add origin https://github.com/Jwonka/awesomeco_website_git_demo.git
git push -u origin https://github.com/Jwonka/awesomeco_website_git_demo.git
git push -u origin master
git push -u origin master
git push -u origin https://github.com/Jwonka/awesomeco_website_git_demo.git
git remote add origin
Jwerl@00JJ MINGW64 ~
$ $ git config --global user.name "JWONKA"
bash: $: command not found
Jwerl@00JJ MINGW64 ~
$ ^C
Jwerl@00JJ MINGW64 ~
$ git status
fatal: not a git repository (or any of the parent directories): .git
Jwerl@00JJ MINGW64 ~
$ cd Desktop/awesomeco_site
bash: cd: Desktop/awesomeco_site: No such file or directory
Jwerl@00JJ MINGW64 ~
$ git init
Initialized empty Git repository in C:/Users/Jwerl/.git/
Jwerl@00JJ MINGW64 ~ (master)
$ cd Desktop/awesomeco_site
Jwerl@00JJ MINGW64 ~/Desktop/awesomeco_site (master)
$ git init
Initialized empty Git repository in C:/Users/Jwerl/Desktop/awesomeco_site/.git/
Jwerl@00JJ MINGW64 ~/Desktop/awesomeco_site (master)
$ git status
On branch master
No commits yet
Untracked files:
  (use "git add <file>..." to include in what will be committed)
        index.html
nothing added to commit but untracked files present (use "git add" to track)
Jwerl@00JJ MINGW64 ~/Desktop/awesomeco_site (master)
$ git add index.html
Jwerl@00JJ MINGW64 ~/Desktop/awesomeco_site (master)
$ git status
On branch master
No commits yet
Changes to be committed:
  (use "git rm --cached <file>..." to unstage)
        new file:   index.html
Jwerl@00JJ MINGW64 ~/Desktop/awesomeco_site (master)
$ git commit -m "Add index.html to repository."
[master (root-commit) fde0f87] Add index.html to repository.
 1 file changed, 10 insertions(+)
 create mode 100644 index.html
Jwerl@00JJ MINGW64 ~/Desktop/awesomeco_site (master)
$ git status
On branch master
nothing to commit, working tree clean
Jwerl@00JJ MINGW64 ~/Desktop/awesomeco_site (master)
$ git status
On branch master
Changes not staged for commit:
  (use "git add <file>..." to update what will be committed)
  (use "git restore <file>..." to discard changes in working directory)
        modified:   index.html
no changes added to commit (use "git add" and/or "git commit -a")
Jwerl@00JJ MINGW64 ~/Desktop/awesomeco_site (master)
git init https://github.com/Jwonka/awesomeco_website_git_demo.git
cd Desktop/awesomeco_site
git init
git status
git log
cd/users/jwerl/documents/cvtc/html_n_css/final/browse_n_blog
cd users/jwerl/documents
git init
git status
git status
git log
